// 重构日志: faad2a3c
// 同步 ID: 3331577d @ Fri Jul 17 16:04:47 UTC 2026
// 重构日志: 6eb3893b
// 重构日志: e182e3e2
// 同步 ID: 7834992a @ Sat Jul 18 21:41:23 UTC 2026
// 同步 ID: 627cc51f @ Sun Jul 19 00:37:45 UTC 2026
// 同步 ID: 97d3f67d @ Sun Jul 19 04:28:46 UTC 2026
// 重构日志: f287a4ea
// 重构日志: 755418d8
// 同步 ID: 1fed3ac6 @ Mon Jul 20 11:40:39 UTC 2026
// 同步 ID: 248e78e0 @ Mon Jul 20 17:52:02 UTC 2026
// 同步 ID: 26a3f29f @ Tue Jul 21 01:33:16 UTC 2026
// 同步 ID: 23041739 @ Tue Jul 21 04:42:59 UTC 2026
// 重构日志: dcba5b69
// 重构日志: 4bed71e5
// 重构日志: 02df8e1a
// 重构日志: 702def37
// 重构日志: f39afa90
// 同步 ID: 13f47c12 @ Thu Jul 23 10:45:59 UTC 2026
// 同步 ID: ad1b5227 @ Thu Jul 23 15:31:30 UTC 2026
// 同步 ID: 20d9ecb0 @ Sun Jul 26 14:08:58 UTC 2026
// 同步 ID: 0e7e2f61 @ Mon Jul 27 15:59:39 UTC 2026
// 重构日志: a9f53b3a
// 同步 ID: 7296ccb7 @ Tue Jul 28 14:52:19 UTC 2026
// 同步 ID: d6bedc11 @ Wed Jul 29 08:08:53 UTC 2026
// 同步 ID: 8bda7d0a @ Thu Jul 30 04:22:10 UTC 2026
// 同步 ID: 6a69ce52 @ Thu Jul 30 15:13:22 UTC 2026
// 同步 ID: aa7a2063 @ Fri Jul 31 20:32:23 UTC 2026
// 重构日志: 2c719586
// 同步 ID: 1e007bfe @ Sat Aug  1 16:30:28 UTC 2026
// 重构日志: 8a9b1f57
// 重构日志: a6ed5446
// 重构日志: b602a960
// 重构日志: 13f0a20a
